---
source: crates/oxc_semantic/tests/main.rs
input_file: crates/oxc_semantic/tests/fixtures/typescript-eslint/type-declaration/signatures/method-computed-name.ts
---
[
  {
    "children": [
      {
        "children": [],
        "flags": "ScopeFlags(StrictMode)",
        "id": 1,
        "node": "TSTypeAliasDeclaration",
        "symbols": []
      },
      {
        "children": [
          {
            "children": [],
            "flags": "ScopeFlags(StrictMode)",
            "id": 3,
            "node": "TSMethodSignature",
            "symbols": []
          }
        ],
        "flags": "ScopeFlags(StrictMode)",
        "id": 2,
        "node": "TSTypeAliasDeclaration",
        "symbols": []
      }
    ],
    "flags": "ScopeFlags(StrictMode | Top)",
    "id": 0,
    "node": "Program",
    "symbols": [
      {
        "flags": "SymbolFlags(BlockScopedVariable | ConstVariable)",
        "id": 0,
        "name": "x",
        "node": "VariableDeclarator(x)",
        "references": [
          {
            "flags": "ReferenceFlags(Read)",
            "id": 0,
            "name": "x",
            "node_id": 13
          }
        ]
      },
      {
        "flags": "SymbolFlags(TypeAlias)",
        "id": 1,
        "name": "T",
        "node": "TSTypeAliasDeclaration",
        "references": [
          {
            "flags": "ReferenceFlags(Type)",
            "id": 1,
            "name": "T",
            "node_id": 19
          },
          {
            "flags": "ReferenceFlags(Type)",
            "id": 2,
            "name": "T",
            "node_id": 22
          }
        ]
      },
      {
        "flags": "SymbolFlags(TypeAlias)",
        "id": 2,
        "name": "A",
        "node": "TSTypeAliasDeclaration",
        "references": []
      }
    ]
  }
]
