---
source: crates/oxc_semantic/tests/main.rs
input_file: crates/oxc_semantic/tests/fixtures/typescript-eslint/type-declaration/literal-type2.ts
---
[
  {
    "children": [
      {
        "children": [],
        "flags": "ScopeFlags(StrictMode)",
        "id": 1,
        "node": "TSTypeAliasDeclaration",
        "symbols": [
          {
            "flags": "SymbolFlags(TypeParameter)",
            "id": 1,
            "name": "T",
            "node": "TSTypeParameter(T)",
            "references": [
              {
                "flags": "ReferenceFlags(Type)",
                "id": 1,
                "name": "T",
                "node_id": 17
              },
              {
                "flags": "ReferenceFlags(Type)",
                "id": 3,
                "name": "T",
                "node_id": 22
              },
              {
                "flags": "ReferenceFlags(Type)",
                "id": 5,
                "name": "T",
                "node_id": 27
              },
              {
                "flags": "ReferenceFlags(Type)",
                "id": 7,
                "name": "T",
                "node_id": 32
              }
            ]
          }
        ]
      },
      {
        "children": [],
        "flags": "ScopeFlags(StrictMode)",
        "id": 2,
        "node": "TSTypeAliasDeclaration",
        "symbols": []
      }
    ],
    "flags": "ScopeFlags(StrictMode | Top)",
    "id": 0,
    "node": "Program",
    "symbols": [
      {
        "flags": "SymbolFlags(TypeAlias)",
        "id": 0,
        "name": "EnthusiasticGreeting",
        "node": "TSTypeAliasDeclaration",
        "references": [
          {
            "flags": "ReferenceFlags(Type)",
            "id": 8,
            "name": "EnthusiasticGreeting",
            "node_id": 36
          }
        ]
      },
      {
        "flags": "SymbolFlags(TypeAlias)",
        "id": 2,
        "name": "HELLO",
        "node": "TSTypeAliasDeclaration",
        "references": []
      }
    ]
  }
]
